// Jest Snapshot v1, https://goo.gl/fbAQLP

exports[`Checking the "View" layer Checking the "renderSlider" method 1`] = `
"<div id=\\"render-selector\\" data-id=\\"\\"><div class=\\"meta-slider js-meta-slider\\"><div class=\\"meta-slider__progress js-meta-slider__progress\\"></div>
    <button type=\\"button\\" class=\\"meta-slider__thumb js-meta-slider__thumb meta-slider__thumb_left\\" data-value=\\"\\" data-text=\\"\\">
      <span class=\\"meta-slider__marker js-meta-slider__marker meta-slider__marker_left\\"></span>
    </button>
    <button type=\\"button\\" class=\\"meta-slider__thumb js-meta-slider__thumb meta-slider__thumb_right\\" data-value=\\"\\" data-text=\\"\\">
      <span class=\\"meta-slider__marker js-meta-slider__marker meta-slider__marker_right\\"></span>
    </button>
    <div class=\\"meta-slider__scale js-meta-slider__scale\\">
      <button type=\\"button\\" class=\\"meta-slider__scale-point js-meta-slider__scale-point\\" style=\\"display: none;\\"></button>
    </div></div></div>"
`;
