// Jest Snapshot v1, https://goo.gl/fbAQLP

exports[`Checking the "ViewSlider" layer. State before first initialization the "renderSlider" and "update" method State before first initialization 1`] = `
"<div class=\\"meta-slider js-meta-slider\\"><div class=\\"meta-slider__progress js-meta-slider__progress\\"></div>
    <button type=\\"button\\" class=\\"meta-slider__thumb js-meta-slider__thumb meta-slider__thumb_left\\" data-value=\\"\\" data-text=\\"\\">
      <span class=\\"meta-slider__marker js-meta-slider__marker meta-slider__marker_left\\"></span>
    </button>
    <button type=\\"button\\" class=\\"meta-slider__thumb js-meta-slider__thumb meta-slider__thumb_right\\" data-value=\\"\\" data-text=\\"\\" style=\\"height: 20px;\\">
      <span class=\\"meta-slider__marker js-meta-slider__marker meta-slider__marker_right\\" style=\\"height: 20px;\\"></span>
    </button>
    <div class=\\"meta-slider__scale js-meta-slider__scale\\"><button type=\\"button\\" class=\\"meta-slider__scale-point
js-meta-slider__scale-point\\" style=\\"height:20px\\"></button></div></div>"
`;
